Tests Started at [Thu Oct 28 18:21:14 EDT 1999] on Linux pss-pc.eng.fore.com 2.2.12 #1 SMP Wed Sep 29 09:00:48 EDT 1999 i686 unknown
------------
cons-test.pl:  sh t0001a.sh
PASSED
cons-test.pl:  sh t0002a.sh
PASSED
cons-test.pl:  sh t0003a.sh
PASSED
cons-test.pl:  sh t0004a.sh
PASSED
cons-test.pl:  sh t0005a.sh
PASSED
cons-test.pl:  sh t0006a.sh
PASSED
cons-test.pl:  sh t0007a.sh
PASSED
cons-test.pl:  sh t0008a.sh
PASSED
cons-test.pl:  sh t0009a.sh
PASSED
cons-test.pl:  sh t0010a.sh
PASSED
cons-test.pl:  sh t0011a.sh
PASSED
cons-test.pl:  sh t0012a.sh
PASSED
cons-test.pl:  sh t0013a.sh
PASSED
cons-test.pl:  sh t0014a.sh
PASSED
cons-test.pl:  sh t0015a.sh
PASSED
cons-test.pl:  sh t0016a.sh
PASSED
cons-test.pl:  sh t0017a.sh
PASSED
cons-test.pl:  sh t0018a.sh
PASSED
cons-test.pl:  sh t0019a.sh
PASSED
cons-test.pl:  sh t0020a.sh
PASSED
cons-test.pl:  sh t0021a.sh
PASSED
cons-test.pl:  sh t0022a.sh
PASSED
cons-test.pl:  sh t0023a.sh
PASSED
cons-test.pl:  sh t0024a.sh
PASSED
cons-test.pl:  sh t0025a.sh
PASSED
cons-test.pl:  sh t0026a.sh
PASSED
cons-test.pl:  sh t0027a.sh
PASSED
cons-test.pl:  sh t0028a.sh
PASSED
cons-test.pl:  sh t0029a.sh
PASSED
cons-test.pl:  sh t0030a.sh
PASSED
cons-test.pl:  sh t0031a.sh
PASSED
cons-test.pl:  sh t0032a.sh
PASSED
cons-test.pl:  sh t0033a.sh
PASSED
cons-test.pl:  sh t0034a.sh
PASSED
cons-test.pl:  sh t0035a.sh
PASSED
cons-test.pl:  sh t0036a.sh
PASSED
cons-test.pl:  sh t0037a.sh
PASSED
cons-test.pl:  sh t0101a.sh
PASSED
cons-test.pl:  sh t0102a.sh
PASSED
cons-test.pl:  sh t0103a.sh
PASSED
cons-test.pl:  sh t0104a.sh
PASSED
cons-test.pl:  sh t0105a.sh
PASSED
cons-test.pl:  sh t0106a.sh
PASSED
cons-test.pl:  sh t0107a.sh
PASSED
cons-test.pl:  sh t0108a.sh
PASSED
cons-test.pl:  sh t0109a.sh
PASSED
cons-test.pl:  sh t0110a.sh
PASSED
cons-test.pl:  sh t0111a.sh
PASSED
cons-test.pl:  sh t0112a.sh
PASSED
cons-test.pl:  sh t0113a.sh
PASSED
cons-test.pl:  sh t0114a.sh
PASSED
cons-test.pl:  sh t0115a.sh
PASSED
cons-test.pl:  sh t0116a.sh
PASSED
cons-test.pl:  sh t0117a.sh
PASSED
cons-test.pl:  sh t0118a.sh
PASSED
cons-test.pl:  sh t0119a.sh
PASSED
cons-test.pl:  sh t0120a.sh
PASSED
cons-test.pl:  sh t0121a.sh
PASSED
cons-test.pl:  sh t0122a.sh
PASSED
cons-test.pl:  sh t0123a.sh
PASSED
cons-test.pl:  sh t0124a.sh
PASSED
cons-test.pl:  sh t0125a.sh
PASSED
cons-test.pl:  sh t0126a.sh
PASSED
cons-test.pl:  sh t0127a.sh
PASSED
cons-test.pl:  sh t0128a.sh
PASSED
cons-test.pl:  sh t0129a.sh
PASSED
cons-test.pl:  sh t0130a.sh
PASSED
cons-test.pl:  sh t0131a.sh
PASSED
cons-test.pl:  sh t0132a.sh
PASSED
cons-test.pl:  sh t0133a.sh
PASSED
cons-test.pl:  sh t0134a.sh
PASSED
cons-test.pl:  sh t0135a.sh
PASSED
cons-test.pl:  sh t0136a.sh
PASSED
cons-test.pl:  sh t0137a.sh
PASSED
cons-test.pl:  sh t0138a.sh
PASSED
cons-test.pl:  sh t0139a.sh
PASSED
cons-test.pl:  sh t0140a.sh
PASSED
cons-test.pl:  sh t0141a.sh
PASSED
cons-test.pl:  sh t0142a.sh
PASSED
cons-test.pl:  sh t0143a.sh
PASSED
cons-test.pl:  sh t0144a.sh
PASSED
cons-test.pl:  sh t0145a.sh
PASSED
cons-test.pl:  sh t0146a.sh
PASSED

cons-test.pl:  'cons' passed all 83 tests.
------------
Tests completed [Thu Oct 28 18:22:33 EDT 1999]
------------
